21:32:46 **** Incremental Build of configuration Debug for project hello_world ****
make pre-build main-build 
a9-linaro-pre-build-step
' '
make: Nothing to be done for `main-build'.
21:32:56 **** Auto Build of configuration Debug for project hello_world ****
make pre-build main-build 
a9-linaro-pre-build-step
' '
'Building file: ../src/helloworld.c'
'Invoking: ARM v7 gcc compiler'
arm-none-eabi-gcc -Wall -O0 -g3 -c -fmessage-length=0 -MT"src/helloworld.o" -mcpu=cortex-a9 -mfpu=vfpv3 -mfloat-abi=hard -I../../hello_world_bsp/ps7_cortexa9_0/include -MMD -MP -MF"src/helloworld.d" -MT"src/helloworld.o" -o "src/helloworld.o" "../src/helloworld.c"
../src/helloworld.c:55:1: error: unknown type name 'XSCuGic'
 XSCuGic InterruptController;
 ^~~~~~~
../src/helloworld.c:59:1: error: unknown type name 'voif'
 voif InterruptHandler(void){
 ^~~~
../src/helloworld.c: In function 'InterruptHandler':
../src/helloworld.c:72:3: warning: 'return' with no value, in function returning non-void
   return;
   ^~~~~~
../src/helloworld.c:59:6: note: declared here
 voif InterruptHandler(void){
      ^~~~~~~~~~~~~~~~
../src/helloworld.c: In function 'InitializeInteruptSystem':
../src/helloworld.c:103:5: warning: type of 'deviceID' defaults to 'int' [-Wimplicit-int]
 int InitializeInteruptSystem(deviceID){
     ^~~~~~~~~~~~~~~~~~~~~~~~
../src/helloworld.c:110:33: warning: passing argument 1 of 'XScuGic_CfgInitialize' from incompatible pointer type [-Wincompatible-pointer-types]
  Status = XScuGic_CfgInitialize(&InterruptController,GicConfig, GicConfig->CpuBaseAddress);
                                 ^
In file included from ../src/helloworld.c:53:0:
../../hello_world_bsp/ps7_cortexa9_0/include/xscugic.h:325:6: note: expected 'XScuGic * {aka struct <anonymous> *}' but argument is of type 'int *'
 s32  XScuGic_CfgInitialize(XScuGic *InstancePtr, XScuGic_Config *ConfigPtr,
      ^~~~~~~~~~~~~~~~~~~~~
../src/helloworld.c:115:32: warning: passing argument 1 of 'SetupInterruptSystem' from incompatible pointer type [-Wincompatible-pointer-types]
  Status = SetupInterruptSystem(&InterruptController);
                                ^
../src/helloworld.c:96:5: note: expected 'XScuGic * {aka struct <anonymous> *}' but argument is of type 'int *'
 int SetupInterruptSystem(XScuGic *XScuGicInstancePointer){
     ^~~~~~~~~~~~~~~~~~~~
../src/helloworld.c:120:28: error: 'InterruptContoller' undeclared (first use in this function)
  Status = XScuGic_Connect(&InterruptContoller, XPAR_FABRIC_AXI_DMA_0_S2MM_INTROUT_INTR,
                            ^~~~~~~~~~~~~~~~~~
../src/helloworld.c:120:28: note: each undeclared identifier is reported only once for each function it appears in
make: *** [src/helloworld.o] Error 1
21:33:27 **** Auto Build of configuration Debug for project hello_world ****
make pre-build main-build 
a9-linaro-pre-build-step
' '
'Building file: ../src/helloworld.c'
'Invoking: ARM v7 gcc compiler'
arm-none-eabi-gcc -Wall -O0 -g3 -c -fmessage-length=0 -MT"src/helloworld.o" -mcpu=cortex-a9 -mfpu=vfpv3 -mfloat-abi=hard -I../../hello_world_bsp/ps7_cortexa9_0/include -MMD -MP -MF"src/helloworld.d" -MT"src/helloworld.o" -o "src/helloworld.o" "../src/helloworld.c"
../src/helloworld.c:59:1: error: unknown type name 'voif'
 voif InterruptHandler(void){
 ^~~~
../src/helloworld.c: In function 'InterruptHandler':
../src/helloworld.c:72:3: warning: 'return' with no value, in function returning non-void
   return;
   ^~~~~~
../src/helloworld.c:59:6: note: declared here
 voif InterruptHandler(void){
      ^~~~~~~~~~~~~~~~
../src/helloworld.c: In function 'InitializeInteruptSystem':
../src/helloworld.c:103:5: warning: type of 'deviceID' defaults to 'int' [-Wimplicit-int]
 int InitializeInteruptSystem(deviceID){
     ^~~~~~~~~~~~~~~~~~~~~~~~
../src/helloworld.c:120:28: error: 'InterruptContoller' undeclared (first use in this function)
  Status = XScuGic_Connect(&InterruptContoller, XPAR_FABRIC_AXI_DMA_0_S2MM_INTROUT_INTR,
                            ^~~~~~~~~~~~~~~~~~
../src/helloworld.c:120:28: note: each undeclared identifier is reported only once for each function it appears in
make: *** [src/helloworld.o] Error 1
21:33:33 **** Auto Build of configuration Debug for project hello_world ****
make pre-build main-build 
a9-linaro-pre-build-step
' '
'Building file: ../src/helloworld.c'
'Invoking: ARM v7 gcc compiler'
arm-none-eabi-gcc -Wall -O0 -g3 -c -fmessage-length=0 -MT"src/helloworld.o" -mcpu=cortex-a9 -mfpu=vfpv3 -mfloat-abi=hard -I../../hello_world_bsp/ps7_cortexa9_0/include -MMD -MP -MF"src/helloworld.d" -MT"src/helloworld.o" -o "src/helloworld.o" "../src/helloworld.c"
../src/helloworld.c: In function 'InitializeInteruptSystem':
../src/helloworld.c:103:5: warning: type of 'deviceID' defaults to 'int' [-Wimplicit-int]
 int InitializeInteruptSystem(deviceID){
     ^~~~~~~~~~~~~~~~~~~~~~~~
../src/helloworld.c:120:28: error: 'InterruptContoller' undeclared (first use in this function)
  Status = XScuGic_Connect(&InterruptContoller, XPAR_FABRIC_AXI_DMA_0_S2MM_INTROUT_INTR,
                            ^~~~~~~~~~~~~~~~~~
../src/helloworld.c:120:28: note: each undeclared identifier is reported only once for each function it appears in
make: *** [src/helloworld.o] Error 1
21:34:08 **** Auto Build of configuration Debug for project hello_world ****
make pre-build main-build 
a9-linaro-pre-build-step
' '
'Building file: ../src/helloworld.c'
'Invoking: ARM v7 gcc compiler'
arm-none-eabi-gcc -Wall -O0 -g3 -c -fmessage-length=0 -MT"src/helloworld.o" -mcpu=cortex-a9 -mfpu=vfpv3 -mfloat-abi=hard -I../../hello_world_bsp/ps7_cortexa9_0/include -MMD -MP -MF"src/helloworld.d" -MT"src/helloworld.o" -o "src/helloworld.o" "../src/helloworld.c"
../src/helloworld.c: In function 'InitializeInteruptSystem':
../src/helloworld.c:103:5: warning: type of 'deviceID' defaults to 'int' [-Wimplicit-int]
 int InitializeInteruptSystem(deviceID){
     ^~~~~~~~~~~~~~~~~~~~~~~~
../src/helloworld.c:126:18: error: 'InterruptContoller' undeclared (first use in this function)
  XScuGic_Enable(&InterruptContoller, XPAR_FABRIC_AXI_DMA_0_S2MM_INTROUT_INTR);
                  ^~~~~~~~~~~~~~~~~~
../src/helloworld.c:126:18: note: each undeclared identifier is reported only once for each function it appears in
make: *** [src/helloworld.o] Error 1
21:34:19 **** Auto Build of configuration Debug for project hello_world ****
make pre-build main-build 
a9-linaro-pre-build-step
' '
'Building file: ../src/helloworld.c'
'Invoking: ARM v7 gcc compiler'
arm-none-eabi-gcc -Wall -O0 -g3 -c -fmessage-length=0 -MT"src/helloworld.o" -mcpu=cortex-a9 -mfpu=vfpv3 -mfloat-abi=hard -I../../hello_world_bsp/ps7_cortexa9_0/include -MMD -MP -MF"src/helloworld.d" -MT"src/helloworld.o" -o "src/helloworld.o" "../src/helloworld.c"
../src/helloworld.c: In function 'InitializeInteruptSystem':
../src/helloworld.c:103:5: warning: type of 'deviceID' defaults to 'int' [-Wimplicit-int]
 int InitializeInteruptSystem(deviceID){
     ^~~~~~~~~~~~~~~~~~~~~~~~
'Finished building: ../src/helloworld.c'
' '
'Building target: hello_world.elf'
'Invoking: ARM v7 gcc linker'
arm-none-eabi-gcc -mcpu=cortex-a9 -mfpu=vfpv3 -mfloat-abi=hard -Wl,-build-id=none -specs=Xilinx.spec -Wl,-T -Wl,../src/lscript.ld -L../../hello_world_bsp/ps7_cortexa9_0/lib -o "hello_world.elf"  ./src/helloworld.o ./src/platform.o ./src/ps7_init.o   -Wl,--start-group,-lxil,-lgcc,-lc,--end-group
'Finished building target: hello_world.elf'
' '
'Invoking: ARM v7 Print Size'
arm-none-eabi-size hello_world.elf  |tee "hello_world.elf.size"
   text	   data	    bss	    dec	    hex	filename
  28468	  13196	  22600	  64264	   fb08	hello_world.elf
'Finished building: hello_world.elf.size'
' '
21:43:58 **** Auto Build of configuration Debug for project hello_world ****
make pre-build main-build 
a9-linaro-pre-build-step
' '
'Building file: ../src/helloworld.c'
'Invoking: ARM v7 gcc compiler'
arm-none-eabi-gcc -Wall -O0 -g3 -c -fmessage-length=0 -MT"src/helloworld.o" -mcpu=cortex-a9 -mfpu=vfpv3 -mfloat-abi=hard -I../../hello_world_bsp/ps7_cortexa9_0/include -MMD -MP -MF"src/helloworld.d" -MT"src/helloworld.o" -o "src/helloworld.o" "../src/helloworld.c"
../src/helloworld.c: In function 'InterruptHandler':
../src/helloworld.c:74:2: warning: implicit declaration of function 'StartDMATransfer' [-Wimplicit-function-declaration]
  StartDMATransfer(0xa000000, 256);
  ^~~~~~~~~~~~~~~~
../src/helloworld.c: In function 'InitializeInteruptSystem':
../src/helloworld.c:103:5: warning: type of 'deviceID' defaults to 'int' [-Wimplicit-int]
 int InitializeInteruptSystem(deviceID){
     ^~~~~~~~~~~~~~~~~~~~~~~~
../src/helloworld.c: At top level:
../src/helloworld.c:130:6: warning: conflicting types for 'StartDMATransfer'
 void StartDMATransfer(unsigned int dstAddress, unsigned int len)
      ^~~~~~~~~~~~~~~~
../src/helloworld.c:74:2: note: previous implicit declaration of 'StartDMATransfer' was here
  StartDMATransfer(0xa000000, 256);
  ^~~~~~~~~~~~~~~~
'Finished building: ../src/helloworld.c'
' '
'Building target: hello_world.elf'
'Invoking: ARM v7 gcc linker'
arm-none-eabi-gcc -mcpu=cortex-a9 -mfpu=vfpv3 -mfloat-abi=hard -Wl,-build-id=none -specs=Xilinx.spec -Wl,-T -Wl,../src/lscript.ld -L../../hello_world_bsp/ps7_cortexa9_0/lib -o "hello_world.elf"  ./src/helloworld.o ./src/platform.o ./src/ps7_init.o   -Wl,--start-group,-lxil,-lgcc,-lc,--end-group
'Finished building target: hello_world.elf'
' '
'Invoking: ARM v7 Print Size'
arm-none-eabi-size hello_world.elf  |tee "hello_world.elf.size"
   text	   data	    bss	    dec	    hex	filename
  28516	  13196	  22600	  64312	   fb38	hello_world.elf
'Finished building: hello_world.elf.size'
' '
21:46:25 **** Incremental Build of configuration Debug for project hello_world ****
make pre-build main-build 
a9-linaro-pre-build-step
' '
make: Nothing to be done for `main-build'.
21:49:08 **** Incremental Build of configuration Debug for project hello_world ****
make pre-build main-build 
a9-linaro-pre-build-step
' '
'Building file: ../src/helloworld.c'
'Invoking: ARM v7 gcc compiler'
arm-none-eabi-gcc -Wall -O0 -g3 -c -fmessage-length=0 -MT"src/helloworld.o" -mcpu=cortex-a9 -mfpu=vfpv3 -mfloat-abi=hard -I../../hello_world_bsp/ps7_cortexa9_0/include -MMD -MP -MF"src/helloworld.d" -MT"src/helloworld.o" -o "src/helloworld.o" "../src/helloworld.c"
../src/helloworld.c: In function 'InterruptHandler':
../src/helloworld.c:74:2: warning: implicit declaration of function 'StartDMATransfer' [-Wimplicit-function-declaration]
  StartDMATransfer(0xa000000, 256);
  ^~~~~~~~~~~~~~~~
../src/helloworld.c: In function 'InitializeInteruptSystem':
../src/helloworld.c:103:5: warning: type of 'deviceID' defaults to 'int' [-Wimplicit-int]
 int InitializeInteruptSystem(deviceID){
     ^~~~~~~~~~~~~~~~~~~~~~~~
../src/helloworld.c: At top level:
../src/helloworld.c:130:6: warning: conflicting types for 'StartDMATransfer'
 void StartDMATransfer(unsigned int dstAddress, unsigned int len)
      ^~~~~~~~~~~~~~~~
../src/helloworld.c:74:2: note: previous implicit declaration of 'StartDMATransfer' was here
  StartDMATransfer(0xa000000, 256);
  ^~~~~~~~~~~~~~~~
../src/helloworld.c: In function 'main':
../src/helloworld.c:152:5: error: called object is not a function or function pointer
     xil_printf("...Press a key to begin the transition...\r\n")
     ^~~~~~~~~~
make: *** [src/helloworld.o] Error 1
21:49:27 **** Auto Build of configuration Debug for project hello_world ****
make pre-build main-build 
a9-linaro-pre-build-step
' '
'Building file: ../src/helloworld.c'
'Invoking: ARM v7 gcc compiler'
arm-none-eabi-gcc -Wall -O0 -g3 -c -fmessage-length=0 -MT"src/helloworld.o" -mcpu=cortex-a9 -mfpu=vfpv3 -mfloat-abi=hard -I../../hello_world_bsp/ps7_cortexa9_0/include -MMD -MP -MF"src/helloworld.d" -MT"src/helloworld.o" -o "src/helloworld.o" "../src/helloworld.c"
../src/helloworld.c: In function 'InterruptHandler':
../src/helloworld.c:74:2: warning: implicit declaration of function 'StartDMATransfer' [-Wimplicit-function-declaration]
  StartDMATransfer(0xa000000, 256);
  ^~~~~~~~~~~~~~~~
../src/helloworld.c: In function 'InitializeInteruptSystem':
../src/helloworld.c:103:5: warning: type of 'deviceID' defaults to 'int' [-Wimplicit-int]
 int InitializeInteruptSystem(deviceID){
     ^~~~~~~~~~~~~~~~~~~~~~~~
../src/helloworld.c: At top level:
../src/helloworld.c:130:6: warning: conflicting types for 'StartDMATransfer'
 void StartDMATransfer(unsigned int dstAddress, unsigned int len)
      ^~~~~~~~~~~~~~~~
../src/helloworld.c:74:2: note: previous implicit declaration of 'StartDMATransfer' was here
  StartDMATransfer(0xa000000, 256);
  ^~~~~~~~~~~~~~~~
'Finished building: ../src/helloworld.c'
' '
'Building target: hello_world.elf'
'Invoking: ARM v7 gcc linker'
arm-none-eabi-gcc -mcpu=cortex-a9 -mfpu=vfpv3 -mfloat-abi=hard -Wl,-build-id=none -specs=Xilinx.spec -Wl,-T -Wl,../src/lscript.ld -L../../hello_world_bsp/ps7_cortexa9_0/lib -o "hello_world.elf"  ./src/helloworld.o ./src/platform.o ./src/ps7_init.o   -Wl,--start-group,-lxil,-lgcc,-lc,--end-group
'Finished building target: hello_world.elf'
' '
'Invoking: ARM v7 Print Size'
arm-none-eabi-size hello_world.elf  |tee "hello_world.elf.size"
   text	   data	    bss	    dec	    hex	filename
  36104	  14236	  22664	  73004	  11d2c	hello_world.elf
'Finished building: hello_world.elf.size'
' '
21:49:34 **** Incremental Build of configuration Debug for project hello_world ****
make pre-build main-build 
a9-linaro-pre-build-step
' '
make: Nothing to be done for `main-build'.
21:50:20 **** Auto Build of configuration Debug for project hello_world ****
make pre-build main-build 
a9-linaro-pre-build-step
' '
'Building file: ../src/helloworld.c'
'Invoking: ARM v7 gcc compiler'
arm-none-eabi-gcc -Wall -O0 -g3 -c -fmessage-length=0 -MT"src/helloworld.o" -mcpu=cortex-a9 -mfpu=vfpv3 -mfloat-abi=hard -I../../hello_world_bsp/ps7_cortexa9_0/include -MMD -MP -MF"src/helloworld.d" -MT"src/helloworld.o" -o "src/helloworld.o" "../src/helloworld.c"
../src/helloworld.c: In function 'InterruptHandler':
../src/helloworld.c:74:2: warning: implicit declaration of function 'StartDMATransfer' [-Wimplicit-function-declaration]
  StartDMATransfer(0xa000000, 256);
  ^~~~~~~~~~~~~~~~
../src/helloworld.c: In function 'InitializeInteruptSystem':
../src/helloworld.c:103:5: warning: type of 'deviceID' defaults to 'int' [-Wimplicit-int]
 int InitializeInteruptSystem(deviceID){
     ^~~~~~~~~~~~~~~~~~~~~~~~
../src/helloworld.c: At top level:
../src/helloworld.c:130:6: warning: conflicting types for 'StartDMATransfer'
 void StartDMATransfer(unsigned int dstAddress, unsigned int len)
      ^~~~~~~~~~~~~~~~
../src/helloworld.c:74:2: note: previous implicit declaration of 'StartDMATransfer' was here
  StartDMATransfer(0xa000000, 256);
  ^~~~~~~~~~~~~~~~
'Finished building: ../src/helloworld.c'
' '
'Building target: hello_world.elf'
'Invoking: ARM v7 gcc linker'
arm-none-eabi-gcc -mcpu=cortex-a9 -mfpu=vfpv3 -mfloat-abi=hard -Wl,-build-id=none -specs=Xilinx.spec -Wl,-T -Wl,../src/lscript.ld -L../../hello_world_bsp/ps7_cortexa9_0/lib -o "hello_world.elf"  ./src/helloworld.o ./src/platform.o ./src/ps7_init.o   -Wl,--start-group,-lxil,-lgcc,-lc,--end-group
'Finished building target: hello_world.elf'
' '
'Invoking: ARM v7 Print Size'
arm-none-eabi-size hello_world.elf  |tee "hello_world.elf.size"
   text	   data	    bss	    dec	    hex	filename
  36120	  14236	  22664	  73020	  11d3c	hello_world.elf
'Finished building: hello_world.elf.size'
' '
21:52:23 **** Incremental Build of configuration Debug for project hello_world ****
make pre-build main-build 
a9-linaro-pre-build-step
' '
make: Nothing to be done for `main-build'.
21:52:54 **** Incremental Build of configuration Debug for project hello_world ****
make pre-build main-build 
a9-linaro-pre-build-step
' '
make: Nothing to be done for `main-build'.
21:56:16 **** Incremental Build of configuration Debug for project hello_world ****
make pre-build main-build 
a9-linaro-pre-build-step
' '
make: Nothing to be done for `main-build'.
21:58:21 **** Incremental Build of configuration Debug for project hello_world ****
make pre-build main-build 
a9-linaro-pre-build-step
' '
make: Nothing to be done for `main-build'.
21:59:23 **** Incremental Build of configuration Debug for project hello_world ****
make pre-build main-build 
a9-linaro-pre-build-step
' '
make: Nothing to be done for `main-build'.
21:59:55 **** Incremental Build of configuration Debug for project hello_world ****
make pre-build main-build 
a9-linaro-pre-build-step
' '
make: Nothing to be done for `main-build'.
22:03:09 **** Incremental Build of configuration Debug for project hello_world ****
make pre-build main-build 
a9-linaro-pre-build-step
' '
make: Nothing to be done for `main-build'.
22:22:09 **** Auto Build of configuration Debug for project fsbl ****
make pre-build main-build 
a9-linaro-pre-build-step
' '
'Building file: ../src/fsbl_hooks.c'
'Invoking: ARM v7 gcc compiler'
arm-none-eabi-gcc -Wall -O0 -g3 -I"C:\SVN\FPGA\AXI_Stream_counter_V1\AXI_Stream_counter_V1.sdk\design_1_wrapper_hw_platform_0" -c -fmessage-length=0 -MT"src/fsbl_hooks.o" -mcpu=cortex-a9 -mfpu=vfpv3 -mfloat-abi=hard -I../../fsbl_bsp/ps7_cortexa9_0/include -MMD -MP -MF"src/fsbl_hooks.d" -MT"src/fsbl_hooks.o" -o "src/fsbl_hooks.o" "../src/fsbl_hooks.c"
'Finished building: ../src/fsbl_hooks.c'
' '
'Building file: ../src/image_mover.c'
'Invoking: ARM v7 gcc compiler'
arm-none-eabi-gcc -Wall -O0 -g3 -I"C:\SVN\FPGA\AXI_Stream_counter_V1\AXI_Stream_counter_V1.sdk\design_1_wrapper_hw_platform_0" -c -fmessage-length=0 -MT"src/image_mover.o" -mcpu=cortex-a9 -mfpu=vfpv3 -mfloat-abi=hard -I../../fsbl_bsp/ps7_cortexa9_0/include -MMD -MP -MF"src/image_mover.d" -MT"src/image_mover.o" -o "src/image_mover.o" "../src/image_mover.c"
'Finished building: ../src/image_mover.c'
' '
'Building file: ../src/main.c'
'Invoking: ARM v7 gcc compiler'
arm-none-eabi-gcc -Wall -O0 -g3 -I"C:\SVN\FPGA\AXI_Stream_counter_V1\AXI_Stream_counter_V1.sdk\design_1_wrapper_hw_platform_0" -c -fmessage-length=0 -MT"src/main.o" -mcpu=cortex-a9 -mfpu=vfpv3 -mfloat-abi=hard -I../../fsbl_bsp/ps7_cortexa9_0/include -MMD -MP -MF"src/main.d" -MT"src/main.o" -o "src/main.o" "../src/main.c"
'Finished building: ../src/main.c'
' '
'Building file: ../src/nand.c'
'Invoking: ARM v7 gcc compiler'
arm-none-eabi-gcc -Wall -O0 -g3 -I"C:\SVN\FPGA\AXI_Stream_counter_V1\AXI_Stream_counter_V1.sdk\design_1_wrapper_hw_platform_0" -c -fmessage-length=0 -MT"src/nand.o" -mcpu=cortex-a9 -mfpu=vfpv3 -mfloat-abi=hard -I../../fsbl_bsp/ps7_cortexa9_0/include -MMD -MP -MF"src/nand.d" -MT"src/nand.o" -o "src/nand.o" "../src/nand.c"
'Finished building: ../src/nand.c'
' '
'Building file: ../src/nor.c'
'Invoking: ARM v7 gcc compiler'
arm-none-eabi-gcc -Wall -O0 -g3 -I"C:\SVN\FPGA\AXI_Stream_counter_V1\AXI_Stream_counter_V1.sdk\design_1_wrapper_hw_platform_0" -c -fmessage-length=0 -MT"src/nor.o" -mcpu=cortex-a9 -mfpu=vfpv3 -mfloat-abi=hard -I../../fsbl_bsp/ps7_cortexa9_0/include -MMD -MP -MF"src/nor.d" -MT"src/nor.o" -o "src/nor.o" "../src/nor.c"
'Finished building: ../src/nor.c'
' '
'Building file: ../src/pcap.c'
'Invoking: ARM v7 gcc compiler'
arm-none-eabi-gcc -Wall -O0 -g3 -I"C:\SVN\FPGA\AXI_Stream_counter_V1\AXI_Stream_counter_V1.sdk\design_1_wrapper_hw_platform_0" -c -fmessage-length=0 -MT"src/pcap.o" -mcpu=cortex-a9 -mfpu=vfpv3 -mfloat-abi=hard -I../../fsbl_bsp/ps7_cortexa9_0/include -MMD -MP -MF"src/pcap.d" -MT"src/pcap.o" -o "src/pcap.o" "../src/pcap.c"
'Finished building: ../src/pcap.c'
' '
'Building file: C:/SVN/FPGA/AXI_Stream_counter_V1/AXI_Stream_counter_V1.sdk/design_1_wrapper_hw_platform_0/ps7_init.c'
'Invoking: ARM v7 gcc compiler'
arm-none-eabi-gcc -Wall -O0 -g3 -I"C:\SVN\FPGA\AXI_Stream_counter_V1\AXI_Stream_counter_V1.sdk\design_1_wrapper_hw_platform_0" -c -fmessage-length=0 -MT"src/ps7_init.o" -mcpu=cortex-a9 -mfpu=vfpv3 -mfloat-abi=hard -I../../fsbl_bsp/ps7_cortexa9_0/include -MMD -MP -MF"src/ps7_init.d" -MT"src/ps7_init.o" -o "src/ps7_init.o" "C:/SVN/FPGA/AXI_Stream_counter_V1/AXI_Stream_counter_V1.sdk/design_1_wrapper_hw_platform_0/ps7_init.c"
'Finished building: C:/SVN/FPGA/AXI_Stream_counter_V1/AXI_Stream_counter_V1.sdk/design_1_wrapper_hw_platform_0/ps7_init.c'
' '
'Building file: ../src/qspi.c'
'Invoking: ARM v7 gcc compiler'
arm-none-eabi-gcc -Wall -O0 -g3 -I"C:\SVN\FPGA\AXI_Stream_counter_V1\AXI_Stream_counter_V1.sdk\design_1_wrapper_hw_platform_0" -c -fmessage-length=0 -MT"src/qspi.o" -mcpu=cortex-a9 -mfpu=vfpv3 -mfloat-abi=hard -I../../fsbl_bsp/ps7_cortexa9_0/include -MMD -MP -MF"src/qspi.d" -MT"src/qspi.o" -o "src/qspi.o" "../src/qspi.c"
'Finished building: ../src/qspi.c'
' '
'Building file: ../src/sd.c'
'Invoking: ARM v7 gcc compiler'
arm-none-eabi-gcc -Wall -O0 -g3 -I"C:\SVN\FPGA\AXI_Stream_counter_V1\AXI_Stream_counter_V1.sdk\design_1_wrapper_hw_platform_0" -c -fmessage-length=0 -MT"src/sd.o" -mcpu=cortex-a9 -mfpu=vfpv3 -mfloat-abi=hard -I../../fsbl_bsp/ps7_cortexa9_0/include -MMD -MP -MF"src/sd.d" -MT"src/sd.o" -o "src/sd.o" "../src/sd.c"
'Finished building: ../src/sd.c'
' '
'Building target: fsbl.elf'
'Invoking: ARM v7 gcc linker'
arm-none-eabi-gcc -mcpu=cortex-a9 -mfpu=vfpv3 -mfloat-abi=hard -Wl,-build-id=none -specs=Xilinx.spec -Wl,-T -Wl,../src/lscript.ld -L../../fsbl_bsp/ps7_cortexa9_0/lib -o "fsbl.elf"  ./src/fsbl_handoff.o ./src/fsbl_hooks.o ./src/image_mover.o ./src/main.o ./src/md5.o ./src/nand.o ./src/nor.o ./src/pcap.o ./src/ps7_init.o ./src/qspi.o ./src/rsa.o ./src/sd.o   -Wl,--start-group,-lxil,-lgcc,-lc,--end-group -Wl,--start-group,-lxilffs,-lxil,-lgcc,-lc,--end-group -Wl,--start-group,-lrsa,-lxil,-lgcc,-lc,--end-group
'Finished building target: fsbl.elf'
' '
'Invoking: ARM v7 Print Size'
arm-none-eabi-size fsbl.elf  |tee "fsbl.elf.size"
   text	   data	    bss	    dec	    hex	filename
  79448	  11768	  74344	 165560	  286b8	fsbl.elf
'Finished building: fsbl.elf.size'
' '
